=== Снимок конфигурации (cut, до нарезки) ===
входное_видео = E:\prj\python\out\test-clips\01-hardx-ДС.КП.ВД.mp4
файл_кандидата_входа = E:\prj\python\out\old-tests\ffmpeg-NM\cut_projects\cut_01-hardx-ДС.КП.ВД.json
каталог_вывода_клипов = C:\output_clips\cut_01-hardx-ДС.КП.ВД
файл_конфигурации = E:\prj\python\out\signiscu\config.toml (явно_в_CLI: да)
файл_проекта = E:\prj\python\signiscu\project.toml
действующие_настройки:
  ffmpeg_path = C:/prg/ffmpeg/bin-video/ffmpeg.exe
  ffprobe_path = 'C:/prg/ffmpeg/bin-video/ffprobe.exe'
  overwrite = True
  window_seconds = 5.0
  threshold = 0.6
  min_audio_coverage_ratio = 0.4
  min_peak_score = 0.85
  merge_gap_seconds = 7.0
  padding_before_seconds = 5.0
  padding_after_seconds = 5.0
  min_clip_seconds = 8.0
  max_clip_seconds = 150.0
  [scene_detection] enabled = True
  [scene_detection] backend = ffmpeg
  [scene_detection] threshold = 27.0
  [scene_detection] min_scene_seconds = 2.0
  [scene_detection] show_progress = True
  [scene_detection] max_scene_seconds = 150.0
  [scene_detection] ffmpeg_scene_threshold = 0.3
  [motion_analysis] enabled = True
  [motion_analysis] sample_fps = 0.5
  [motion_analysis] resize_width = 160
  [motion_analysis] residual_percentile = 85.0
  [motion_analysis] motion_threshold = 0.4
  [motion_analysis] min_motion_coverage_ratio = 0.3
  [motion_analysis] min_motion_peak_score = 0.85
  [motion_analysis] affect_selection = False
  [motion_analysis] affect_score = False
  [motion_analysis] weight_motion = 0.2
# session start 2026-05-15T22:38:45+00:00
input_video=E:\prj\python\out\test-clips\01-hardx-ДС.КП.ВД.mp4 output_dir=C:\output_clips\cut_01-hardx-ДС.КП.ВД ffmpeg=C:\prg\ffmpeg\bin-video\ffmpeg.exe
[OK] #1 cand_001_score549 00:07:16.637->00:07:51.637 -> 001_cand_001_score549.mp4
[OK] #2 cand_002_score616 00:13:36.637->00:14:06.637 -> 002_cand_002_score616.mp4
[OK] #3 cand_003_score642 00:14:21.637->00:15:01.637 -> 003_cand_003_score642.mp4
=== Снимок конфигурации (cut, до нарезки) ===
входное_видео = E:\prj\python\out\test-clips\03-blacked-СС.ОП.НД.mp4
файл_кандидата_входа = E:\prj\python\out\old-tests\ffmpeg-NM\cut_projects\cut_03-blacked-СС.ОП.НД.json
каталог_вывода_клипов = C:\output_clips\cut_03-blacked-СС.ОП.НД
файл_конфигурации = E:\prj\python\out\signiscu\config.toml (явно_в_CLI: да)
файл_проекта = E:\prj\python\signiscu\project.toml
действующие_настройки:
  ffmpeg_path = C:/prg/ffmpeg/bin-video/ffmpeg.exe
  ffprobe_path = 'C:/prg/ffmpeg/bin-video/ffprobe.exe'
  overwrite = True
  window_seconds = 5.0
  threshold = 0.6
  min_audio_coverage_ratio = 0.4
  min_peak_score = 0.85
  merge_gap_seconds = 7.0
  padding_before_seconds = 5.0
  padding_after_seconds = 5.0
  min_clip_seconds = 8.0
  max_clip_seconds = 150.0
  [scene_detection] enabled = True
  [scene_detection] backend = ffmpeg
  [scene_detection] threshold = 27.0
  [scene_detection] min_scene_seconds = 2.0
  [scene_detection] show_progress = True
  [scene_detection] max_scene_seconds = 150.0
  [scene_detection] ffmpeg_scene_threshold = 0.3
  [motion_analysis] enabled = True
  [motion_analysis] sample_fps = 0.5
  [motion_analysis] resize_width = 160
  [motion_analysis] residual_percentile = 85.0
  [motion_analysis] motion_threshold = 0.4
  [motion_analysis] min_motion_coverage_ratio = 0.3
  [motion_analysis] min_motion_peak_score = 0.85
  [motion_analysis] affect_selection = False
  [motion_analysis] affect_score = False
  [motion_analysis] weight_motion = 0.2
# session start 2026-05-15T22:38:45+00:00
input_video=E:\prj\python\out\test-clips\03-blacked-СС.ОП.НД.mp4 output_dir=C:\output_clips\cut_03-blacked-СС.ОП.НД ffmpeg=C:\prg\ffmpeg\bin-video\ffmpeg.exe
[OK] #1 cand_010_score419 00:25:08.637->00:25:39.992 -> 001_cand_010_score419.mp4
[OK] #2 cand_011_score594 00:26:28.092->00:26:46.141 -> 002_cand_011_score594.mp4
[OK] #3 cand_012_score543 00:27:47.130->00:28:17.130 -> 003_cand_012_score543.mp4
[OK] #4 cand_013_score491 00:28:47.130->00:29:12.130 -> 004_cand_013_score491.mp4
[OK] #5 cand_014_score445 00:29:42.130->00:30:02.130 -> 005_cand_014_score445.mp4
[OK] #6 cand_015_score427 00:30:17.571->00:31:52.114 -> 006_cand_015_score427.mp4
